
2019/04/21 00:36:28 E:/goProjects/src/goChatRoom/chatRoom_server.go:112: Server has running....
